[www.w3schools.com/xml/schema_intro.html]
[backblue.gif]
[fade.gif]
[index.html]
[www.w3schools.com/lib/w3.css]
[www.google-analytics.com/analytics.js]
[www.googletagservices.com/tag/js/gpt.js]
[www.w3schools.com/ezoic/imp2a7d3.js]
[www.w3schools.com/xml/default.html]
[www.w3schools.com/xml/ajax_intro.html]
[www.w3schools.com/xml/dom_intro.html]
[www.w3schools.com/xml/xml_dtd_intro.html]
[www.w3schools.com/xml/xsl_intro.html]
[www.w3schools.com/xml/xpath_intro.html]
[www.w3schools.com/xml/xquery_intro.html]
[www.w3schools.com/xml/dom_nodetype.html]
[www.w3schools.com/xml/dom_http.html]
[www.w3schools.com/xml/xsl_elementref.html]
[www.w3schools.com/xml/schema_elements_ref.html]
[www.w3schools.com/xml/xml_examples.html]
[www.w3schools.com/xml/xsl_examples.html]
[www.w3schools.com/xml/xpath_examples.html]
[www.w3schools.com/xml/schema_example.html]
[www.w3schools.com/xml/xml_whatis.html]
[www.w3schools.com/xml/xml_usedfor.html]
[www.w3schools.com/xml/xml_tree.html]
[www.w3schools.com/xml/xml_syntax.html]
[www.w3schools.com/xml/xml_elements.html]
[www.w3schools.com/xml/xml_attributes.html]
[www.w3schools.com/xml/xml_namespaces.html]
[www.w3schools.com/xml/xml_display.html]
[www.w3schools.com/xml/xml_http.html]
[www.w3schools.com/xml/xml_parser.html]
[www.w3schools.com/xml/xml_dom.html]
[www.w3schools.com/xml/xml_xpath.html]
[www.w3schools.com/xml/xml_xslt.html]
[www.w3schools.com/xml/xml_xquery.html]
[www.w3schools.com/xml/xml_xlink.html]
[www.w3schools.com/xml/xml_validator.html]
[www.w3schools.com/xml/xml_dtd.html]
[www.w3schools.com/xml/xml_schema.html]
[www.w3schools.com/xml/xml_server.html]
[www.w3schools.com/xml/xml_quiz.html]
[www.w3schools.com/xml/xml_exam.html]
[www.w3schools.com/xml/ajax_xmlhttprequest_create.html]
[www.w3schools.com/xml/ajax_xmlhttprequest_send.html]
[www.w3schools.com/xml/ajax_xmlhttprequest_response.html]
[www.w3schools.com/xml/ajax_xmlfile.html]
[www.w3schools.com/xml/ajax_php.html]
[www.w3schools.com/xml/ajax_asp.html]
[www.w3schools.com/xml/ajax_database.html]
[www.w3schools.com/xml/ajax_applications.html]
[www.w3schools.com/xml/ajax_examples.html]
[www.w3schools.com/xml/dom_nodes.html]
[www.w3schools.com/xml/dom_nodes_access.html]
[www.w3schools.com/xml/dom_nodes_info.html]
[www.w3schools.com/xml/dom_nodes_nodelist.html]
[www.w3schools.com/xml/dom_nodes_traverse.html]
[www.w3schools.com/xml/dom_nodes_navigate.html]
[www.w3schools.com/xml/dom_nodes_get.html]
[www.w3schools.com/xml/dom_nodes_set.html]
[www.w3schools.com/xml/dom_nodes_remove.html]
[www.w3schools.com/xml/dom_nodes_replace.html]
[www.w3schools.com/xml/dom_nodes_create.html]
[www.w3schools.com/xml/dom_nodes_add.html]
[www.w3schools.com/xml/dom_nodes_clone.html]
[www.w3schools.com/xml/dom_examples.html]
[www.w3schools.com/xml/xpath_nodes.html]
[www.w3schools.com/xml/xpath_syntax.html]
[www.w3schools.com/xml/xpath_axes.html]
[www.w3schools.com/xml/xpath_operators.html]
[www.w3schools.com/xml/xsl_languages.html]
[www.w3schools.com/xml/xsl_transformation.html]
[www.w3schools.com/xml/xsl_templates.html]
[www.w3schools.com/xml/xsl_value_of.html]
[www.w3schools.com/xml/xsl_for_each.html]
[www.w3schools.com/xml/xsl_sort.html]
[www.w3schools.com/xml/xsl_if.html]
[www.w3schools.com/xml/xsl_choose.html]
[www.w3schools.com/xml/xsl_apply_templates.html]
[www.w3schools.com/xml/xsl_client.html]
[www.w3schools.com/xml/xsl_server.html]
[www.w3schools.com/xml/xsl_editxml.html]
[www.w3schools.com/xml/xquery_example.html]
[www.w3schools.com/xml/xquery_flwor.html]
[www.w3schools.com/xml/xquery_flwor_html.html]
[www.w3schools.com/xml/xquery_terms.html]
[www.w3schools.com/xml/xquery_syntax.html]
[www.w3schools.com/xml/xquery_add.html]
[www.w3schools.com/xml/xquery_select.html]
[www.w3schools.com/xml/xquery_functions.html]
[www.w3schools.com/xml/xml_dtd_building.html]
[www.w3schools.com/xml/xml_dtd_elements.html]
[www.w3schools.com/xml/xml_dtd_attributes.html]
[www.w3schools.com/xml/xml_dtd_el_vs_attr.html]
[www.w3schools.com/xml/xml_dtd_entities.html]
[www.w3schools.com/xml/xml_dtd_examples.html]
[www.w3schools.com/xml/schema_howto.html]
[www.w3schools.com/xml/schema_schema.html]
[www.w3schools.com/xml/schema_simple.html]
[www.w3schools.com/xml/schema_simple_attributes.html]
[www.w3schools.com/xml/schema_facets.html]
[www.w3schools.com/xml/schema_complex.html]
[www.w3schools.com/xml/schema_complex_empty.html]
[www.w3schools.com/xml/schema_complex_elements.html]
[www.w3schools.com/xml/schema_complex_text.html]
[www.w3schools.com/xml/schema_complex_mixed.html]
[www.w3schools.com/xml/schema_complex_indicators.html]
[www.w3schools.com/xml/schema_complex_any.html]
[www.w3schools.com/xml/schema_complex_anyattribute.html]
[www.w3schools.com/xml/schema_complex_subst.html]
[www.w3schools.com/xml/schema_dtypes_string.html]
[www.w3schools.com/xml/schema_dtypes_date.html]
[www.w3schools.com/xml/schema_dtypes_numeric.html]
[www.w3schools.com/xml/schema_dtypes_misc.html]
[www.w3schools.com/xml/xml_services.html]
[www.w3schools.com/xml/xml_wsdl.html]
[www.w3schools.com/xml/xml_soap.html]
[www.w3schools.com/xml/xml_rdf.html]
[www.w3schools.com/xml/xml_rss.html]
[www.w3schools.com/xml/dom_node.html]
[www.w3schools.com/xml/dom_nodelist.html]
[www.w3schools.com/xml/dom_namednodemap.html]
[www.w3schools.com/xml/dom_document.html]
[www.w3schools.com/xml/dom_element.html]
[www.w3schools.com/xml/dom_attribute.html]
[www.w3schools.com/xml/dom_text.html]
[www.w3schools.com/xml/dom_cdatasection.html]
[www.w3schools.com/xml/dom_comment.html]
[www.w3schools.com/xml/dom_parser.html]
[www.w3schools.com/xml/xsl_functions.html]
[www.w3schools.com/images/colorpicker.gif]
[www.w3schools.com/images/w3schoolscom_gray.gif]
[www.w3schools.com/lib/w3schools_footer.js]
[translate.google.com/translate_a/element.83a0d8.delayed]
[www.w3schools.com/xml/schema_intro.html]
[www.w3schools.com/lib/w3.css]
[www.w3schools.com/xml/GET.84.delayed]
[www.w3schools.com/xml/note.xml]
[www.w3schools.com/xml/simple.xml]
[www.w3schools.com/xml/simplexsl.xml]
[www.w3schools.com/images/w3cert.gif]
[www.w3schools.com/xml/default.html]
[www.w3schools.com/xml/ajax_info.txt]
[www.w3schools.com/xml/tryit0637.html]
[www.w3schools.com/xml/ajax.gif]
[www.w3schools.com/xml/ajax_intro.html]
[www.w3schools.com/xml/nodetree.gif]
[www.w3schools.com/xml/tryitfc98.html]
[www.w3schools.com/xml/tryit5a8c.html]
[www.w3schools.com/xml/books.xml]
[www.w3schools.com/xml/tryit018a.html]
[www.w3schools.com/xml/tryit0c95.html]
[www.w3schools.com/xml/dom_intro.html]
[www.w3schools.com/xml/note_in_dtd.xml]
[www.w3schools.com/xml/note_ex_dtd.xml]
[www.w3schools.com/xml/xml_dtd_intro.html]
[www.w3schools.com/xml/tryxslt6802.html]
[www.w3schools.com/xml/xsl_intro.html]
[www.w3schools.com/xml/pic_xpath.gif]
[www.w3schools.com/xml/img_xpath_folders.jpg]
[www.w3schools.com/xml/xpath_intro.html]
[www.w3schools.com/xml/xquery_intro.html]
[www.w3schools.com/xml/tryit3110.html]
[www.w3schools.com/xml/tryit7711.html]
[www.w3schools.com/xml/dom_nodetype.html]
[www.w3schools.com/xml/tryit7a7c.html]
[www.w3schools.com/xml/tryitb2c2.html]
[www.w3schools.com/xml/tryit07fe.html]
[www.w3schools.com/xml/tryit9ea9.html]
[www.w3schools.com/xml/tryitec40.html]
[www.w3schools.com/xml/tryitc162.html]
[www.w3schools.com/xml/dom_http.html]
[www.w3schools.com/xml/ref_xsl_el_apply-imports.html]
[www.w3schools.com/xml/ref_xsl_el_apply-templates.html]
[www.w3schools.com/xml/ref_xsl_el_attribute.html]
[www.w3schools.com/xml/ref_xsl_el_attributeset.html]
[www.w3schools.com/xml/ref_xsl_el_call-template.html]
[www.w3schools.com/xml/ref_xsl_el_choose.html]
[www.w3schools.com/xml/ref_xsl_el_comment.html]
[www.w3schools.com/xml/ref_xsl_el_copy.html]
[www.w3schools.com/xml/ref_xsl_el_copy-of.html]
[www.w3schools.com/xml/ref_xsl_el_decimal-format.html]
[www.w3schools.com/xml/ref_xsl_el_element.html]
[www.w3schools.com/xml/ref_xsl_el_fallback.html]
[www.w3schools.com/xml/ref_xsl_el_for-each.html]
[www.w3schools.com/xml/ref_xsl_el_if.html]
[www.w3schools.com/xml/ref_xsl_el_import.html]
[www.w3schools.com/xml/ref_xsl_el_include.html]
[www.w3schools.com/xml/ref_xsl_el_key.html]
[www.w3schools.com/xml/ref_xsl_el_message.html]
[www.w3schools.com/xml/ref_xsl_el_namespace-alias.html]
[www.w3schools.com/xml/ref_xsl_el_number.html]
[www.w3schools.com/xml/ref_xsl_el_otherwise.html]
[www.w3schools.com/xml/ref_xsl_el_output.html]
[www.w3schools.com/xml/ref_xsl_el_param.html]
[www.w3schools.com/xml/ref_xsl_el_preserve-space.html]
[www.w3schools.com/xml/ref_xsl_el_processing-instruction.html]
[www.w3schools.com/xml/ref_xsl_el_sort.html]
[www.w3schools.com/xml/ref_xsl_el_strip-space.html]
[www.w3schools.com/xml/ref_xsl_el_stylesheet.html]
[www.w3schools.com/xml/ref_xsl_el_template.html]
[www.w3schools.com/xml/ref_xsl_el_text.html]
[www.w3schools.com/xml/ref_xsl_el_transform.html]
[www.w3schools.com/xml/ref_xsl_el_value-of.html]
[www.w3schools.com/xml/ref_xsl_el_variable.html]
[www.w3schools.com/xml/ref_xsl_el_when.html]
[www.w3schools.com/xml/ref_xsl_el_with-param.html]
[www.w3schools.com/xml/xsl_elementref.html]
[www.w3schools.com/xml/el_all.html]
[www.w3schools.com/xml/el_annotation.html]
[www.w3schools.com/xml/el_any.html]
[www.w3schools.com/xml/el_anyattribute.html]
[www.w3schools.com/xml/el_appinfo.html]
[www.w3schools.com/xml/el_attribute.html]
[www.w3schools.com/xml/el_attributegroup.html]
[www.w3schools.com/xml/el_choice.html]
[www.w3schools.com/xml/el_complexcontent.html]
[www.w3schools.com/xml/el_complextype.html]
[www.w3schools.com/xml/el_documentation.html]
[www.w3schools.com/xml/el_element.html]
[www.w3schools.com/xml/el_extension.html]
[www.w3schools.com/xml/el_field.html]
[www.w3schools.com/xml/el_group.html]
[www.w3schools.com/xml/el_import.html]
[www.w3schools.com/xml/el_include.html]
[www.w3schools.com/xml/el_key.html]
[www.w3schools.com/xml/el_keyref.html]
[www.w3schools.com/xml/el_list.html]
[www.w3schools.com/xml/el_notation.html]
[www.w3schools.com/xml/el_redefine.html]
[www.w3schools.com/xml/el_restriction.html]
[www.w3schools.com/xml/el_schema.html]
[www.w3schools.com/xml/el_selector.html]
[www.w3schools.com/xml/el_sequence.html]
[www.w3schools.com/xml/el_simpleContent.html]
[www.w3schools.com/xml/el_simpletype.html]
[www.w3schools.com/xml/el_union.html]
[www.w3schools.com/xml/el_unique.html]
[www.w3schools.com/xml/schema_elements_ref.html]
[www.w3schools.com/xml/note_error.xml]
[www.w3schools.com/xml/cd_catalog.xml]
[www.w3schools.com/xml/plant_catalog.xml]
[www.w3schools.com/xml/cd_catalog.txt]
[www.w3schools.com/xml/cd_catalog_with_css.xml]
[www.w3schools.com/xml/tryit9085.html]
[www.w3schools.com/xml/tryit6ff2.html]
[www.w3schools.com/xml/note.asp]
[www.w3schools.com/xml/note.php]
[www.w3schools.com/xml/guestbook.asp]
[www.w3schools.com/xml/xml_examples.html]
[www.w3schools.com/xml/tryxsltae13.html]
[www.w3schools.com/xml/tryxslt01ca.html]
[www.w3schools.com/xml/tryxslt4767.html]
[www.w3schools.com/xml/tryxslta595.html]
[www.w3schools.com/xml/tryxslt09a5.html]
[www.w3schools.com/xml/tryxslt7d04.html]
[www.w3schools.com/xml/tryxslt5e7d.html]
[www.w3schools.com/xml/tryxslt0af8.html]
[www.w3schools.com/xml/tryxslt0e31.html]
[www.w3schools.com/xml/xsl_examples.html]
[www.w3schools.com/xml/tryit6db6.html]
[www.w3schools.com/xml/tryit5069.html]
[www.w3schools.com/xml/tryite28f.html]
[www.w3schools.com/xml/tryit9118.html]
[www.w3schools.com/xml/tryitaccf.html]
[www.w3schools.com/xml/xpath_examples.html]
[www.w3schools.com/xml/schema_example.html]
[www.w3schools.com/xml/xml_whatis.html]
[www.w3schools.com/xml/xml_usedfor.html]
[www.w3schools.com/xml/xml_tree.html]
[www.w3schools.com/xml/xml_syntax.html]
[www.w3schools.com/xml/xml_elements.html]
[www.w3schools.com/xml/xml_attributes.html]
[www.w3schools.com/xml/xml_namespaces.html]
[www.w3schools.com/xml/cd_catalog.css]
[www.w3schools.com/xml/xml_display.html]
[www.w3schools.com/xml/gethint03d2.html]
[www.w3schools.com/xml/tryitc0f0.html]
[www.w3schools.com/xml/tryit8d79.html]
[www.w3schools.com/xml/xml_http.html]
[www.w3schools.com/xml/tryit4eb9.html]
[www.w3schools.com/xml/tryit97d7.html]
[www.w3schools.com/xml/xml_parser.html]
[www.w3schools.com/xml/tryit2933.html]
[www.w3schools.com/xml/xml_dom.html]
[www.w3schools.com/xml/xml_xpath.html]
[www.w3schools.com/xml/xml_xslt.html]
[www.w3schools.com/xml/xml_xquery.html]
[www.w3schools.com/xml/xml_xlink.html]
[www.w3schools.com/xml/xml_validator.html]
[www.w3schools.com/xml/note_entities.xml]
[www.w3schools.com/xml/xml_dtd.html]
[www.w3schools.com/xml/xml_schema.html]
[www.w3schools.com/xml/simple.html]
[www.w3schools.com/xml/xml_server.html]
[www.w3schools.com/xml/xml_quiz.html]
[www.w3schools.com/cert/pic_html_cert_small.gif]
[www.w3schools.com/xml/xml_exam.html]
[www.w3schools.com/xml/tryita516.html]
[www.w3schools.com/xml/ajax_xmlhttprequest_create.html]
[www.w3schools.com/xml/tryitaf67.html]
[www.w3schools.com/xml/tryit973e.html]
[www.w3schools.com/xml/tryitdd16.html]
[www.w3schools.com/xml/tryitf639.html]
[www.w3schools.com/xml/tryit37d2.html]
[www.w3schools.com/xml/tryitc77e.html]
[www.w3schools.com/xml/tryit1823.html]
[www.w3schools.com/xml/ajax_xmlhttprequest_send.html]
[www.w3schools.com/xml/tryit526d.html]
[www.w3schools.com/xml/tryitb41d.html]
[www.w3schools.com/xml/tryitfb29.html]
[www.w3schools.com/xml/tryit2120.html]
[www.w3schools.com/xml/ajax_xmlhttprequest_response.html]
[www.w3schools.com/xml/tryit0841.html]
[www.w3schools.com/xml/ajax_xmlfile.html]
[www.w3schools.com/xml/tryit7d3c.html]
[www.w3schools.com/xml/ajax_php.html]
[www.w3schools.com/xml/gethint03d2-2.html]
[www.w3schools.com/xml/tryit479a.html]
[www.w3schools.com/xml/ajax_asp.html]
[www.w3schools.com/xml/getcustomer03d2.html]
[www.w3schools.com/xml/tryit0215.html]
[www.w3schools.com/xml/ajax_database.html]
[www.w3schools.com/xml/tryitdca8.html]
[www.w3schools.com/xml/tryit1ac8.html]
[www.w3schools.com/xml/tryitd2d0.html]
[www.w3schools.com/xml/tryit91b2.html]
[www.w3schools.com/xml/ajax_applications.html]
[www.w3schools.com/xml/tryit474d.html]
[www.w3schools.com/xml/ajax_examples.html]
[www.w3schools.com/xml/navigate.gif]
[www.w3schools.com/xml/dom_nodes.html]
[www.w3schools.com/xml/tryit1631.html]
[www.w3schools.com/xml/tryit7a2a.html]
[www.w3schools.com/xml/tryit28d2.html]
[www.w3schools.com/xml/tryit8d3d.html]
[www.w3schools.com/xml/tryit9829.html]
[www.w3schools.com/xml/dom_nodes_access.html]
[www.w3schools.com/xml/tryitfff2.html]
[www.w3schools.com/xml/tryitafb9.html]
[www.w3schools.com/xml/tryit545f.html]
[www.w3schools.com/xml/dom_nodes_info.html]
[www.w3schools.com/xml/tryit7f55.html]
[www.w3schools.com/xml/tryitcfdd.html]
[www.w3schools.com/xml/tryit8657.html]
[www.w3schools.com/xml/nodelist.gif]
[www.w3schools.com/xml/dom_nodes_nodelist.html]
[www.w3schools.com/xml/tryit58c4.html]
[www.w3schools.com/xml/tryit319e.html]
[www.w3schools.com/xml/dom_nodes_traverse.html]
[www.w3schools.com/xml/tryit89f4.html]
[www.w3schools.com/xml/tryit7a68.html]
[www.w3schools.com/xml/tryitec57.html]
[www.w3schools.com/xml/tryit00a5.html]
[www.w3schools.com/xml/tryitefa5.html]
[www.w3schools.com/xml/dom_nodes_navigate.html]
[www.w3schools.com/xml/tryitba33.html]
[www.w3schools.com/xml/tryit2f56.html]
[www.w3schools.com/xml/tryit8a47.html]
[www.w3schools.com/xml/tryit96df.html]
[www.w3schools.com/xml/tryit6d3e.html]
[www.w3schools.com/xml/tryit481c.html]
[www.w3schools.com/xml/dom_nodes_get.html]
[www.w3schools.com/xml/tryit2525.html]
[www.w3schools.com/xml/tryite23e.html]
[www.w3schools.com/xml/tryit47fc.html]
[www.w3schools.com/xml/tryit3d4f.html]
[www.w3schools.com/xml/tryitd429.html]
[www.w3schools.com/xml/dom_nodes_set.html]
[www.w3schools.com/xml/tryit6860.html]
[www.w3schools.com/xml/tryit8b8c.html]
[www.w3schools.com/xml/tryitadbd.html]
[www.w3schools.com/xml/tryitdbc1.html]
[www.w3schools.com/xml/tryit516d.html]
[www.w3schools.com/xml/tryitec51.html]
[www.w3schools.com/xml/tryit892d.html]
[www.w3schools.com/xml/dom_nodes_remove.html]
[www.w3schools.com/xml/tryitdfa1.html]
[www.w3schools.com/xml/tryit2753.html]
[www.w3schools.com/xml/tryit5f62.html]
[www.w3schools.com/xml/dom_nodes_replace.html]
[www.w3schools.com/xml/tryit01b6.html]
[www.w3schools.com/xml/tryit0ff5.html]
[www.w3schools.com/xml/tryitde2b.html]
[www.w3schools.com/xml/tryit9868.html]
[www.w3schools.com/xml/tryitc21d.html]
[www.w3schools.com/xml/tryitc301.html]
[www.w3schools.com/xml/tryitcad2.html]
[www.w3schools.com/xml/tryit66e4.html]
[www.w3schools.com/xml/tryit0a93.html]
[www.w3schools.com/xml/tryit9215.html]
[www.w3schools.com/xml/tryit2baf.html]
[www.w3schools.com/xml/dom_nodes_create.html]
[www.w3schools.com/xml/tryit80d7.html]
[www.w3schools.com/xml/tryitff76.html]
[www.w3schools.com/xml/dom_nodes_add.html]
[www.w3schools.com/xml/tryit2271.html]
[www.w3schools.com/xml/dom_nodes_clone.html]
[www.w3schools.com/xml/dom_httprequest.html]
[www.w3schools.com/xml/tryit72e0.html]
[www.w3schools.com/xml/tryit4ddb.html]
[www.w3schools.com/xml/dom_examples.html]
[www.w3schools.com/xml/xpath_nodes.html]
[www.w3schools.com/xml/xpath_syntax.html]
[www.w3schools.com/xml/xpath_axes.html]
[www.w3schools.com/xml/xpath_operators.html]
[www.w3schools.com/xml/xsl_languages.html]
[www.w3schools.com/xml/cdcatalog.xml]
[www.w3schools.com/xml/cdcatalog.xsl]
[www.w3schools.com/xml/cdcatalog_with_xsl.xml]
[www.w3schools.com/xml/xsl_transformation.html]
[www.w3schools.com/xml/xsl_templates.html]
[www.w3schools.com/xml/xsl_value_of.html]
[www.w3schools.com/xml/xsl_for_each.html]
[www.w3schools.com/xml/xsl_sort.html]
[www.w3schools.com/xml/xsl_if.html]
[www.w3schools.com/xml/xsl_choose.html]
[www.w3schools.com/xml/xsl_apply_templates.html]
[www.w3schools.com/xml/cdcatalog_client.xsl]
[www.w3schools.com/xml/tryit9404.html]
[www.w3schools.com/xml/xsl_client.html]
[www.w3schools.com/xml/cdcatalog.html]
[www.w3schools.com/xml/cdcatalog-2.html]
[www.w3schools.com/xml/xsl_server.html]
[www.w3schools.com/xml/tool.xml]
[www.w3schools.com/xml/tool.xsl]
[www.w3schools.com/xml/tool_updated.xsl]
[www.w3schools.com/xml/xsl_editxml.html]
[www.w3schools.com/xml/xquery_example.html]
[www.w3schools.com/xml/xquery_flwor.html]
[www.w3schools.com/xml/xquery_flwor_html.html]
[www.w3schools.com/xml/xquery_terms.html]
[www.w3schools.com/xml/xquery_syntax.html]
[www.w3schools.com/xml/xquery_add.html]
[www.w3schools.com/xml/xquery_select.html]
[www.w3schools.com/xml/xquery_functions.html]
[www.w3schools.com/xml/xml_dtd_building.html]
[www.w3schools.com/xml/xml_dtd_elements.html]
[www.w3schools.com/xml/xml_dtd_attributes.html]
[www.w3schools.com/xml/xml_dtd_el_vs_attr.html]
[www.w3schools.com/xml/xml_dtd_entities.html]
[www.w3schools.com/xml/xml_dtd_examples.html]
[www.w3schools.com/xml/schema_howto.html]
[www.w3schools.com/xml/schema_schema.html]
[www.w3schools.com/xml/schema_simple.html]
[www.w3schools.com/xml/schema_simple_attributes.html]
[www.w3schools.com/xml/schema_facets.html]
[www.w3schools.com/xml/schema_complex.html]
[www.w3schools.com/xml/schema_complex_empty.html]
[www.w3schools.com/xml/schema_complex_elements.html]
[www.w3schools.com/xml/schema_complex_text.html]
[www.w3schools.com/xml/schema_complex_mixed.html]
[www.w3schools.com/xml/schema_complex_indicators.html]
[www.w3schools.com/xml/schema_complex_any.html]
[www.w3schools.com/xml/schema_complex_anyattribute.html]
[www.w3schools.com/xml/schema_complex_subst.html]
[www.w3schools.com/xml/schema_dtypes_string.html]
[www.w3schools.com/xml/schema_dtypes_date.html]
[www.w3schools.com/xml/schema_dtypes_numeric.html]
[www.w3schools.com/xml/schema_dtypes_misc.html]
[www.w3schools.com/xml/tempconvert.html]
[www.w3schools.com/xml/tempconverte7f6.asmx]
[www.w3schools.com/xml/tempconvert0dc4.html]
[www.w3schools.com/xml/tempconvertf9bb.html]
[www.w3schools.com/xml/xml_services.html]
[www.w3schools.com/xml/xml_wsdl.html]
[www.w3schools.com/xml/xml_soap.html]
[www.w3schools.com/xml/RDFvalidationresult.html]
[www.w3schools.com/xml/rdf-syntax-ns.xml]
[www.w3schools.com/xml/rdf-schema.xml]
[www.w3schools.com/xml/xml_rdf.html]
[www.w3schools.com/xml/pic_rss.gif]
[www.w3schools.com/xml/pic_xml.gif]
[www.w3schools.com/xml/firefox_rss.166.delayed]
[www.w3schools.com/xml/tryrsse80a.html]
[www.w3schools.com/xml/tryrss3c66.html]
[www.w3schools.com/xml/tryrssf54c.html]
[www.w3schools.com/xml/tryrss1cba.html]
[www.w3schools.com/xml/tryrss6e50.html]
[www.w3schools.com/xml/tryrss8acb.html]
[www.w3schools.com/xml/tryrsscdd0.html]
[www.w3schools.com/xml/tryrss38d8.html]
[www.w3schools.com/xml/tryrss63f6.html]
[www.w3schools.com/xml/tryrss15bc.html]
[www.w3schools.com/xml/tryrss3c63.html]
[www.w3schools.com/xml/tryrss5498.html]
[www.w3schools.com/xml/tryrss7149.html]
[www.w3schools.com/xml/rss_tag_category_channel.html]
[www.w3schools.com/xml/rss_tag_cloud.html]
[www.w3schools.com/xml/rss_tag_copyright.html]
[www.w3schools.com/xml/rss_tag_title_link_description_channel.html]
[www.w3schools.com/xml/rss_tag_docs.html]
[www.w3schools.com/xml/rss_tag_generator.html]
[www.w3schools.com/xml/rss_tag_image.html]
[www.w3schools.com/xml/rss_tag_language.html]
[www.w3schools.com/xml/rss_tag_lastbuilddate.html]
[www.w3schools.com/xml/rss_tag_managingeditor.html]
[www.w3schools.com/xml/rss_tag_pubdate.html]
[www.w3schools.com/xml/rss_tag_skipDays.html]
[www.w3schools.com/xml/rss_tag_skipHours.html]
[www.w3schools.com/xml/rss_tag_textinput.html]
[www.w3schools.com/xml/rss_tag_ttl.html]
[www.w3schools.com/xml/rss_tag_webmaster.html]
[www.w3schools.com/xml/rss_tag_author.html]
[www.w3schools.com/xml/rss_tag_category_item.html]
[www.w3schools.com/xml/rss_tag_comments.html]
[www.w3schools.com/xml/rss_tag_title_link_description_item.html]
[www.w3schools.com/xml/rss_tag_enclosure.html]
[www.w3schools.com/xml/rss_tag_guid.html]
[www.w3schools.com/xml/rss_tag_pubdate_item.html]
[www.w3schools.com/xml/rss_tag_source.html]
[www.w3schools.com/xml/xml_rss.html]
[www.w3schools.com/xml/prop_node_baseuri.html]
[www.w3schools.com/xml/prop_node_childnodes.html]
[www.w3schools.com/xml/prop_node_firstchild.html]
[www.w3schools.com/xml/prop_node_lastchild.html]
[www.w3schools.com/xml/prop_node_nextsibling.html]
[www.w3schools.com/xml/prop_node_nodename.html]
[www.w3schools.com/xml/prop_node_nodetype.html]
[www.w3schools.com/xml/prop_node_nodevalue.html]
[www.w3schools.com/xml/prop_node_ownerdocument.html]
[www.w3schools.com/xml/prop_node_parentnode.html]
[www.w3schools.com/xml/prop_node_prefix.html]
[www.w3schools.com/xml/prop_node_previoussibling.html]
[www.w3schools.com/xml/prop_node_textcontent.html]
[www.w3schools.com/xml/met_node_appendchild.html]
[www.w3schools.com/xml/met_node_clonenode.html]
[www.w3schools.com/xml/met_node_comparedocumentposition.html]
[www.w3schools.com/xml/met_node_hasattributes.html]
[www.w3schools.com/xml/met_node_haschildnodes.html]
[www.w3schools.com/xml/met_node_insertbefore.html]
[www.w3schools.com/xml/met_node_isequalnode.html]
[www.w3schools.com/xml/met_node_issamenode.html]
[www.w3schools.com/xml/met_node_lookupnamespaceuri.html]
[www.w3schools.com/xml/met_node_lookupprefix.html]
[www.w3schools.com/xml/met_node_normalize.html]
[www.w3schools.com/xml/met_node_removechild.html]
[www.w3schools.com/xml/dom_node.html]
[www.w3schools.com/xml/met_node_replacechild.html]
[www.w3schools.com/xml/prop_nodelist_length.html]
[www.w3schools.com/xml/dom_nodelist.html]
[www.w3schools.com/xml/met_nodelist_item.html]
[www.w3schools.com/xml/prop_nodemap_length.html]
[www.w3schools.com/xml/met_nodemap_getnameditem.html]
[www.w3schools.com/xml/met_nodemap_item.html]
[www.w3schools.com/xml/met_nodemap_removenameditem.html]
[www.w3schools.com/xml/dom_namednodemap.html]
[www.w3schools.com/xml/prop_document_childnodes.html]
[www.w3schools.com/xml/prop_document_doctype.html]
[www.w3schools.com/xml/prop_document_documentelement.html]
[www.w3schools.com/xml/prop_document_documenturi.html]
[www.w3schools.com/xml/prop_document_firstchild.html]
[www.w3schools.com/xml/prop_document_implementation.html]
[www.w3schools.com/xml/prop_document_inputencoding.html]
[www.w3schools.com/xml/prop_document_lastchild.html]
[www.w3schools.com/xml/prop_document_nodename.html]
[www.w3schools.com/xml/prop_document_nodetype.html]
[www.w3schools.com/xml/prop_document_nodevalue.html]
[www.w3schools.com/xml/prop_document_xmlencoding.html]
[www.w3schools.com/xml/prop_document_xmlstandalone.html]
[www.w3schools.com/xml/prop_document_xmlversion.html]
[www.w3schools.com/xml/met_document_createcdatasection.html]
[www.w3schools.com/xml/met_document_createcomment.html]
[www.w3schools.com/xml/met_document_createelement.html]
[www.w3schools.com/xml/met_document_createelementns.html]
[www.w3schools.com/xml/met_document_createtextnode.html]
[www.w3schools.com/xml/met_document_getelementsbytagname.html]
[www.w3schools.com/xml/met_document_getelementsbytagnamens.html]
[www.w3schools.com/xml/met_document_renamenode.html]
[www.w3schools.com/xml/prop_documenttype_name.html]
[www.w3schools.com/xml/prop_documenttype_systemid.html]
[www.w3schools.com/xml/dom_document.html]
[www.w3schools.com/xml/prop_element_attributes.html]
[www.w3schools.com/xml/prop_element_baseuri.html]
[www.w3schools.com/xml/prop_element_childnodes.html]
[www.w3schools.com/xml/prop_element_firstchild.html]
[www.w3schools.com/xml/prop_element_lastchild.html]
[www.w3schools.com/xml/prop_element_localname.html]
[www.w3schools.com/xml/prop_element_namespaceuri.html]
[www.w3schools.com/xml/prop_element_nextsibling.html]
[www.w3schools.com/xml/prop_element_nodename.html]
[www.w3schools.com/xml/prop_element_nodetype.html]
[www.w3schools.com/xml/prop_element_ownerdocument.html]
[www.w3schools.com/xml/prop_element_parentnode.html]
[www.w3schools.com/xml/prop_element_prefix.html]
[www.w3schools.com/xml/prop_element_previoussibling.html]
[www.w3schools.com/xml/prop_element_tagname.html]
[www.w3schools.com/xml/prop_element_textcontent.html]
[www.w3schools.com/xml/met_element_appendchild.html]
[www.w3schools.com/xml/met_element_clonenode.html]
[www.w3schools.com/xml/met_element_comparedocumentposition.html]
[www.w3schools.com/xml/met_element_getattribute.html]
[www.w3schools.com/xml/met_element_getattributens.html]
[www.w3schools.com/xml/met_element_getattributenode.html]
[www.w3schools.com/xml/met_element_getattributenodens.html]
[www.w3schools.com/xml/met_element_getelementsbytagname.html]
[www.w3schools.com/xml/met_element_getelementsbytagnamens.html]
[www.w3schools.com/xml/met_element_hasattribute.html]
[www.w3schools.com/xml/met_element_hasattributens.html]
[www.w3schools.com/xml/met_element_hasattributes.html]
[www.w3schools.com/xml/met_element_haschildnodes.html]
[www.w3schools.com/xml/met_element_insertbefore.html]
[www.w3schools.com/xml/met_element_isequalnode.html]
[www.w3schools.com/xml/met_element_lookupnamespaceuri.html]
[www.w3schools.com/xml/met_element_lookupprefix.html]
[www.w3schools.com/xml/met_element_removeattribute.html]
[www.w3schools.com/xml/met_element_removeattributens.html]
[www.w3schools.com/xml/met_element_removeattributenode.html]
[www.w3schools.com/xml/met_element_removechild.html]
[www.w3schools.com/xml/met_element_replacechild.html]
[www.w3schools.com/xml/met_element_setattribute.html]
[www.w3schools.com/xml/met_element_setattributens.html]
[www.w3schools.com/xml/met_element_setattributenode.html]
[www.w3schools.com/xml/dom_element.html]
[www.w3schools.com/xml/prop_attr_baseuri.html]
[www.w3schools.com/xml/prop_attr_isid.html]
[www.w3schools.com/xml/prop_attr_localname.html]
[www.w3schools.com/xml/prop_attr_name.html]
[www.w3schools.com/xml/prop_attr_namespaceuri.html]
[www.w3schools.com/xml/prop_attr_nodename.html]
[www.w3schools.com/xml/prop_attr_nodetype.html]
[www.w3schools.com/xml/prop_attr_nodevalue.html]
[www.w3schools.com/xml/prop_attr_ownerdocument.html]
[www.w3schools.com/xml/prop_attr_ownerelement.html]
[www.w3schools.com/xml/prop_attr_prefix.html]
[www.w3schools.com/xml/prop_attr_specified.html]
[www.w3schools.com/xml/prop_attr_textcontent.html]
[www.w3schools.com/xml/prop_attr_value.html]
[www.w3schools.com/xml/dom_attribute.html]
[www.w3schools.com/xml/prop_text_data.html]
[www.w3schools.com/xml/prop_text_length.html]
[www.w3schools.com/xml/met_text_appenddata.html]
[www.w3schools.com/xml/met_text_deletedata.html]
[www.w3schools.com/xml/met_text_insertdata.html]
[www.w3schools.com/xml/met_text_replacedata.html]
[www.w3schools.com/xml/met_text_splittext.html]
[www.w3schools.com/xml/met_text_substringdata.html]
[www.w3schools.com/xml/dom_text.html]
[www.w3schools.com/xml/prop_cdata_data.html]
[www.w3schools.com/xml/prop_cdata_length.html]
[www.w3schools.com/xml/met_cdata_appenddata.html]
[www.w3schools.com/xml/met_cdata_deletedata.html]
[www.w3schools.com/xml/met_cdata_insertdata.html]
[www.w3schools.com/xml/met_cdata_replacedata.html]
[www.w3schools.com/xml/met_cdata_splittext.html]
[www.w3schools.com/xml/met_cdata_substringdata.html]
[www.w3schools.com/xml/dom_cdatasection.html]
[www.w3schools.com/xml/prop_comment_data.html]
[www.w3schools.com/xml/prop_comment_length.html]
[www.w3schools.com/xml/met_comment_appenddata.html]
[www.w3schools.com/xml/met_comment_deletedata.html]
[www.w3schools.com/xml/met_comment_insertdata.html]
[www.w3schools.com/xml/met_comment_replacedata.html]
[www.w3schools.com/xml/met_comment_substringdata.html]
[www.w3schools.com/xml/dom_comment.html]
[www.w3schools.com/xml/tryitbf37.html]
[www.w3schools.com/xml/dom_parser.html]
[www.w3schools.com/xml/func_current.213.delayed]
[www.w3schools.com/xml/func_document.214.delayed]
[www.w3schools.com/xml/func_elementavailable.215.delayed]
[www.w3schools.com/xml/func_formatnumber.216.delayed]
[www.w3schools.com/xml/func_functionavailable.217.delayed]
[www.w3schools.com/xml/func_generateid.218.delayed]
[www.w3schools.com/xml/func_key.219.delayed]
[www.w3schools.com/xml/func_systemproperty.21a.delayed]
[www.w3schools.com/xml/func_unparsedentityuri.21b.delayed]
[www.w3schools.com/xml/xsl_functions.html]
[www.w3schools.com/xml/POST.21c.delayed]
[www.w3schools.com/lib/w3schools_footer.js]
[translate.google.com/translate_a/elementa0d8.html]
[www.w3schools.com/xml/GET.html]
[www.w3schools.com/lib/codemirror.css]
[www.w3schools.com/lib/codemirror.js]
[www.w3schools.com/images/driveicon.png]
[www.w3schools.com/images/stack_vertically.png]
[www.w3schools.com/images/stack_horizontally.png]
[apis.google.com/js/clientba50.js]
[www.w3schools.com/xml/tryit0637.html]
[www.w3schools.com/xml/tryitfc98.html]
[www.w3schools.com/xml/tryit5a8c.html]
[www.w3schools.com/xml/tryit018a.html]
[www.w3schools.com/xml/tryit0c95.html]
[www.w3schools.com/xml/tryxslt_result6802.html]
[www.w3schools.com/xml/tryxslt6802.html]
[www.w3schools.com/xml/tryit3110.html]
[www.w3schools.com/xml/tryit7711.html]
[www.w3schools.com/xml/xmlhttp_info.txt]
[www.w3schools.com/xml/tryit7a7c.html]
[www.w3schools.com/xml/tryitb2c2.html]
[www.w3schools.com/xml/tryit07fe.html]
[www.w3schools.com/xml/tryit9ea9.html]
[www.w3schools.com/xml/tryitec40.html]
[www.w3schools.com/xml/tryitc162.html]
[www.w3schools.com/xml/ref_xsl_el_apply-imports.html]
[www.w3schools.com/xml/ref_xsl_el_apply-templates.html]
[www.w3schools.com/xml/ref_xsl_el_attribute.html]
[www.w3schools.com/xml/ref_xsl_el_attributeset.html]
[www.w3schools.com/xml/ref_xsl_el_call-template.html]
[www.w3schools.com/xml/ref_xsl_el_choose.html]
[www.w3schools.com/xml/ref_xsl_el_comment.html]
[www.w3schools.com/xml/ref_xsl_el_copy.html]
[www.w3schools.com/xml/ref_xsl_el_copy-of.html]
[www.w3schools.com/xml/ref_xsl_el_decimal-format.html]
[www.w3schools.com/xml/cdcatalog_element.xsl]
[www.w3schools.com/xml/cdcatalog_element.xml]
[www.w3schools.com/xml/ref_xsl_el_element.html]
[www.w3schools.com/xml/ref_xsl_el_fallback.html]
[www.w3schools.com/xml/tryxslt08f8.html]
[www.w3schools.com/xml/tryxslt544e.html]
[www.w3schools.com/xml/ref_xsl_el_for-each.html]
[www.w3schools.com/xml/tryxsltce6c.html]
[www.w3schools.com/xml/ref_xsl_el_if.html]
[www.w3schools.com/xml/cdcatalog_import.22a.delayed]
[www.w3schools.com/xml/cdcatalog_import.22b.delayed]
[www.w3schools.com/xml/ref_xsl_el_import.html]
[www.w3schools.com/xml/ref_xsl_el_include.html]
[www.w3schools.com/xml/ref_xsl_el_key.html]
[www.w3schools.com/xml/ref_xsl_el_message.html]
[www.w3schools.com/xml/ref_xsl_el_namespace-alias.html]
[www.w3schools.com/xml/ref_xsl_el_number.html]
[www.w3schools.com/xml/cdcatalog_choose.xsl]
[www.w3schools.com/xml/cdcatalog_choose.xml]
[www.w3schools.com/xml/ref_xsl_el_otherwise.html]
[www.w3schools.com/xml/ref_xsl_el_output.html]
[www.w3schools.com/xml/ref_xsl_el_param.html]
[www.w3schools.com/xml/ref_xsl_el_preserve-space.html]
[www.w3schools.com/xml/ref_xsl_el_processing-instruction.html]
[www.w3schools.com/xml/ref_xsl_el_sort.html]
[www.w3schools.com/xml/ref_xsl_el_strip-space.html]
[www.w3schools.com/xml/ref_xsl_el_stylesheet.html]
[www.w3schools.com/xml/cdcatalog_apply.xsl]
[www.w3schools.com/xml/cdcatalog_apply.xml]
[www.w3schools.com/xml/ref_xsl_el_template.html]
[www.w3schools.com/xml/ref_xsl_el_text.html]
[www.w3schools.com/xml/ref_xsl_el_transform.html]
[www.w3schools.com/xml/tryxslt95fe.html]
[www.w3schools.com/xml/ref_xsl_el_value-of.html]
[www.w3schools.com/xml/ref_xsl_el_variable.html]
[www.w3schools.com/xml/ref_xsl_el_when.html]
[www.w3schools.com/xml/ref_xsl_el_with-param.html]
[www.w3schools.com/xml/el_all.html]
[www.w3schools.com/xml/el_annotation.html]
[www.w3schools.com/xml/el_any.html]
[www.w3schools.com/xml/el_anyattribute.html]
[www.w3schools.com/xml/el_appinfo.html]
[www.w3schools.com/xml/el_attribute.html]
[www.w3schools.com/xml/el_attributegroup.html]
[www.w3schools.com/xml/el_choice.html]
[www.w3schools.com/xml/el_complexcontent.html]
[www.w3schools.com/xml/el_complextype.html]
[www.w3schools.com/xml/el_documentation.html]
[www.w3schools.com/xml/el_element.html]
[www.w3schools.com/xml/el_extension.html]
[www.w3schools.com/xml/el_field.html]
[www.w3schools.com/xml/el_group.html]
[www.w3schools.com/xml/el_import.html]
[www.w3schools.com/xml/el_include.html]
[www.w3schools.com/xml/el_key.html]
[www.w3schools.com/xml/el_keyref.html]
[www.w3schools.com/xml/el_list.html]
[www.w3schools.com/xml/el_notation.html]
[www.w3schools.com/xml/el_redefine.html]
[www.w3schools.com/xml/el_restriction.html]
[www.w3schools.com/xml/el_schema.html]
[www.w3schools.com/xml/el_selector.html]
[www.w3schools.com/xml/el_sequence.html]
[www.w3schools.com/xml/el_simpleContent.html]
[www.w3schools.com/xml/el_simpletype.html]
[www.w3schools.com/xml/el_union.html]
[www.w3schools.com/xml/el_unique.html]
[www.w3schools.com/xml/tryit9085.html]
[www.w3schools.com/xml/tryit6ff2.html]
[www.w3schools.com/xml/tryxslt_resultae13.html]
[www.w3schools.com/xml/tryxsltae13.html]
[www.w3schools.com/xml/tryxslt_result01ca.html]
[www.w3schools.com/xml/tryxslt01ca.html]
[www.w3schools.com/xml/tryxslt_result4767.html]
[www.w3schools.com/xml/tryxslt4767.html]
[www.w3schools.com/xml/tryxslt_resulta595.html]
[www.w3schools.com/xml/tryxslta595.html]
[www.w3schools.com/xml/tryxslt_result09a5.html]
[www.w3schools.com/xml/tryxslt09a5.html]
[www.w3schools.com/xml/tryxslt_result7d04.html]
[www.w3schools.com/xml/tryxslt7d04.html]
[www.w3schools.com/xml/tryxslt_result5e7d.html]
[www.w3schools.com/xml/tryxslt5e7d.html]
[www.w3schools.com/xml/tryxslt_result0af8.html]
[www.w3schools.com/xml/tryxslt0af8.html]
[www.w3schools.com/xml/tryxslt_result0e31.html]
[www.w3schools.com/xml/tryxslt0e31.html]
[www.w3schools.com/xml/tryit6db6.html]
[www.w3schools.com/xml/tryit5069.html]
[www.w3schools.com/xml/tryite28f.html]
[www.w3schools.com/xml/tryit9118.html]
[www.w3schools.com/xml/tryitaccf.html]
[www.w3schools.com/xml/cd_catalog.css]
[www.w3schools.com/xml/gethint03d2.html]
[www.w3schools.com/xml/tryitc0f0.html]
[www.w3schools.com/xml/tryit8d79.html]
[www.w3schools.com/xml/tryit4eb9.html]
[www.w3schools.com/xml/tryit97d7.html]
[www.w3schools.com/xml/tryit2933.html]
[www.w3schools.com/xml/simple.html]
[www.w3schools.com/xml/tryita516.html]
[www.w3schools.com/xml/tryitaf67.html]
[www.w3schools.com/xml/demo_get.html]
[www.w3schools.com/xml/tryit973e.html]
[www.w3schools.com/xml/demo_geta18a.html]
[www.w3schools.com/xml/tryitdd16.html]
[www.w3schools.com/xml/demo_get2f409.html]
[www.w3schools.com/xml/tryitf639.html]
[www.w3schools.com/xml/demo_post.html]
[www.w3schools.com/xml/tryit37d2.html]
[www.w3schools.com/xml/demo_post2.html]
[www.w3schools.com/xml/tryitc77e.html]
[www.w3schools.com/xml/tryit1823.html]
[www.w3schools.com/xml/tryit526d.html]
[www.w3schools.com/xml/tryitb41d.html]
[www.w3schools.com/xml/tryitfb29.html]
[www.w3schools.com/xml/tryit2120.html]
[www.w3schools.com/xml/tryit0841.html]
[www.w3schools.com/xml/tryit7d3c.html]
[www.w3schools.com/xml/gethint03d2-2.html]
[www.w3schools.com/xml/tryit479a.html]
[www.w3schools.com/xml/getcustomer03d2.html]
[www.w3schools.com/xml/tryit0215.html]
[www.w3schools.com/xml/tryitdca8.html]
[www.w3schools.com/xml/tryit1ac8.html]
[www.w3schools.com/xml/tryitd2d0.html]
[www.w3schools.com/xml/tryit91b2.html]
[www.w3schools.com/xml/tryit474d.html]
[www.w3schools.com/xml/tryit1631.html]
[www.w3schools.com/xml/tryit7a2a.html]
[www.w3schools.com/xml/tryit28d2.html]
[www.w3schools.com/xml/tryit8d3d.html]
[www.w3schools.com/xml/tryit9829.html]
[www.w3schools.com/xml/tryitfff2.html]
[www.w3schools.com/xml/tryitafb9.html]
[www.w3schools.com/xml/tryit545f.html]
[www.w3schools.com/xml/tryit7f55.html]
[www.w3schools.com/xml/tryitcfdd.html]
[www.w3schools.com/xml/tryit8657.html]
[www.w3schools.com/xml/tryit58c4.html]
[www.w3schools.com/xml/tryit319e.html]
[www.w3schools.com/xml/tryit89f4.html]
[www.w3schools.com/xml/tryit7a68.html]
[www.w3schools.com/xml/tryitec57.html]
[www.w3schools.com/xml/tryit00a5.html]
[www.w3schools.com/xml/tryitefa5.html]
[www.w3schools.com/xml/tryitba33.html]
[www.w3schools.com/xml/tryit2f56.html]
[www.w3schools.com/xml/tryit8a47.html]
[www.w3schools.com/xml/tryit96df.html]
[www.w3schools.com/xml/tryit6d3e.html]
[www.w3schools.com/xml/tryit481c.html]
[www.w3schools.com/xml/tryit2525.html]
[www.w3schools.com/xml/tryite23e.html]
[www.w3schools.com/xml/tryit47fc.html]
[www.w3schools.com/xml/tryit3d4f.html]
[www.w3schools.com/xml/tryitd429.html]
[www.w3schools.com/xml/tryit6860.html]
[www.w3schools.com/xml/tryit8b8c.html]
[www.w3schools.com/xml/tryitadbd.html]
[www.w3schools.com/xml/tryitdbc1.html]
[www.w3schools.com/xml/tryit516d.html]
[www.w3schools.com/xml/tryitec51.html]
[www.w3schools.com/xml/tryit892d.html]
[www.w3schools.com/xml/tryitdfa1.html]
[www.w3schools.com/xml/tryit2753.html]
[www.w3schools.com/xml/tryit5f62.html]
[www.w3schools.com/xml/tryit01b6.html]
[www.w3schools.com/xml/tryit0ff5.html]
[www.w3schools.com/xml/tryitde2b.html]
[www.w3schools.com/xml/tryit9868.html]
[www.w3schools.com/xml/tryitc21d.html]
[www.w3schools.com/xml/tryitc301.html]
[www.w3schools.com/xml/tryitcad2.html]
[www.w3schools.com/xml/tryit66e4.html]
[www.w3schools.com/xml/tryit0a93.html]
[www.w3schools.com/xml/tryit9215.html]
[www.w3schools.com/xml/tryit2baf.html]
[www.w3schools.com/xml/tryit80d7.html]
[www.w3schools.com/xml/tryitff76.html]
[www.w3schools.com/xml/tryit2271.html]
[www.w3schools.com/xml/tryitc77b.html]
[www.w3schools.com/xml/tryit93bf.html]
[www.w3schools.com/xml/tryit1d7d.html]
[www.w3schools.com/xml/dom_httprequest.html]
[www.w3schools.com/xml/tryit72e0.html]
[www.w3schools.com/xml/tryit4ddb.html]
[www.w3schools.com/xml/tryit9404.html]
[www.w3schools.com/xml/cdcatalog.html]
[www.w3schools.com/xml/cdcatalog-2.html]
[www.w3schools.com/xml/tempconvertd78a.asmx]
[www.w3schools.com/xml/tempconvert.html]
[www.w3schools.com/xml/tempconvert0dc4.html]
[www.w3schools.com/xml/tempconvertf9bb.html]
[www.w3schools.com/xml/rdf_ex.png]
[www.w3schools.com/xml/RDFvalidationresult.html]
[www.w3schools.com/xml/firefox_rss.html]
[www.w3schools.com/tryit.css]
[www.w3schools.com/xml/tryrss_viewada5.html]
[www.w3schools.com/xml/tryrsse80a.html]
[www.w3schools.com/xml/tryrss_view712d.html]
[www.w3schools.com/xml/tryrss3c66.html]
[www.w3schools.com/xml/tryrss_viewa512.html]
[www.w3schools.com/xml/tryrssf54c.html]
[www.w3schools.com/xml/tryrss_view509b.html]
[www.w3schools.com/xml/tryrss1cba.html]
[www.w3schools.com/xml/tryrss_viewd678.html]
[www.w3schools.com/xml/tryrss6e50.html]
[www.w3schools.com/xml/tryrss_viewe3cd.html]
[www.w3schools.com/xml/tryrss8acb.html]
[www.w3schools.com/xml/tryrss_viewec34.html]
[www.w3schools.com/xml/tryrsscdd0.html]
[www.w3schools.com/xml/tryrss_view92db.html]
[www.w3schools.com/xml/tryrss38d8.html]
[www.w3schools.com/xml/tryrss_viewb7cc.html]
[www.w3schools.com/xml/tryrss63f6.html]
[www.w3schools.com/xml/3d.wmv]
[www.w3schools.com/xml/tryrss_viewd1ca.html]
[www.w3schools.com/xml/tryrss15bc.html]
[www.w3schools.com/xml/tryrss_viewcb63.html]
[www.w3schools.com/xml/tryrss3c63.html]
[www.w3schools.com/xml/tryrss_view5804.html]
[www.w3schools.com/xml/tryrss5498.html]
[www.w3schools.com/xml/tryrss_viewa957.html]
[www.w3schools.com/xml/tryrss7149.html]
[www.w3schools.com/xml/rss_tag_category_channel.html]
[www.w3schools.com/xml/rss_tag_cloud.html]
[www.w3schools.com/xml/tryrsseb90.html]
[www.w3schools.com/xml/rss_tag_copyright.html]
[www.w3schools.com/xml/rss_tag_title_link_description_channel.html]
[www.w3schools.com/xml/tryrss8f67.html]
[www.w3schools.com/xml/rss_tag_docs.html]
[www.w3schools.com/xml/rss_tag_generator.html]
[www.w3schools.com/xml/rss_tag_image.html]
[www.w3schools.com/xml/rss_tag_language.html]
[www.w3schools.com/xml/tryrss129e.html]
[www.w3schools.com/xml/rss_tag_lastbuilddate.html]
[www.w3schools.com/xml/tryrss405e.html]
[www.w3schools.com/xml/rss_tag_managingeditor.html]
[www.w3schools.com/xml/tryrss3f1f.html]
[www.w3schools.com/xml/rss_tag_pubdate.html]
[www.w3schools.com/xml/rss_tag_skipDays.html]
[www.w3schools.com/xml/tryrss2e3d.html]
[www.w3schools.com/xml/rss_tag_skipHours.html]
[www.w3schools.com/xml/rss_tag_textinput.html]
[www.w3schools.com/xml/tryrss6a06.html]
[www.w3schools.com/xml/rss_tag_ttl.html]
[www.w3schools.com/xml/tryrssaddf.html]
[www.w3schools.com/xml/rss_tag_webmaster.html]
[www.w3schools.com/xml/tryrssc0ad.html]
[www.w3schools.com/xml/rss_tag_author.html]
[www.w3schools.com/xml/rss_tag_category_item.html]
[www.w3schools.com/xml/rss_tag_comments.html]
[www.w3schools.com/xml/rss_tag_title_link_description_item.html]
[www.w3schools.com/xml/rss_tag_enclosure.html]
[www.w3schools.com/xml/rss_tag_guid.html]
[www.w3schools.com/xml/rss_tag_pubdate_item.html]
[www.w3schools.com/xml/rss_tag_source.html]
[www.w3schools.com/xml/books_ns.xml]
[www.w3schools.com/xml/tryitdada.html]
[www.w3schools.com/images/incompatible_ie.gif]
[www.w3schools.com/images/compatible_firefox.gif]
[www.w3schools.com/images/compatible_opera.gif]
[www.w3schools.com/images/compatible_chrome.gif]
[www.w3schools.com/images/compatible_safari.gif]
[www.w3schools.com/xml/prop_node_baseuri.html]
[www.w3schools.com/xml/tryitb613.html]
[www.w3schools.com/images/compatible_ie.gif]
[www.w3schools.com/xml/prop_node_childnodes.html]
[www.w3schools.com/xml/tryit79ea.html]
[www.w3schools.com/xml/dom_mozilla_vs_ie.266.delayed]
[www.w3schools.com/xml/tryitf500.html]
[www.w3schools.com/xml/prop_node_firstchild.html]
[www.w3schools.com/xml/prop_node_lastchild.html]
[www.w3schools.com/xml/tryit7944.html]
[www.w3schools.com/xml/tryitc905.html]
[www.w3schools.com/xml/prop_node_nextsibling.html]
[www.w3schools.com/xml/prop_node_nodename.html]
[www.w3schools.com/xml/prop_node_nodetype.html]
[www.w3schools.com/xml/prop_node_nodevalue.html]
[www.w3schools.com/xml/tryit3657.html]
[www.w3schools.com/xml/prop_node_ownerdocument.html]
[www.w3schools.com/xml/tryit3c09.html]
[www.w3schools.com/xml/prop_node_parentnode.html]
[www.w3schools.com/xml/prop_node_prefix.html]
[www.w3schools.com/xml/prop_node_previoussibling.html]
[www.w3schools.com/xml/tryit0cb2.html]
[www.w3schools.com/xml/tryit5f2f.html]
[www.w3schools.com/xml/prop_node_textcontent.html]
[www.w3schools.com/xml/met_node_appendchild.html]
[www.w3schools.com/xml/met_node_clonenode.html]
[www.w3schools.com/xml/tryitbe0d.html]
[www.w3schools.com/xml/met_node_comparedocumentposition.html]
[www.w3schools.com/xml/tryitc135.html]
[www.w3schools.com/xml/met_node_hasattributes.html]
[www.w3schools.com/xml/tryitfe78.html]
[www.w3schools.com/xml/met_node_haschildnodes.html]
[www.w3schools.com/xml/met_node_insertbefore.html]
[www.w3schools.com/xml/tryit3c03.html]
[www.w3schools.com/xml/met_node_isequalnode.html]
[www.w3schools.com/xml/tryitab49.html]
[www.w3schools.com/xml/met_node_issamenode.html]
[www.w3schools.com/xml/tryitba94.html]
[www.w3schools.com/xml/met_node_lookupnamespaceuri.html]
[www.w3schools.com/xml/met_node_lookupprefix.html]
[www.w3schools.com/xml/met_node_normalize.html]
[www.w3schools.com/xml/met_node_removechild.html]
[www.w3schools.com/xml/tryit6b41.html]
[www.w3schools.com/xml/tryitb744.html]
[www.w3schools.com/xml/met_node_replacechild.html]
[www.w3schools.com/xml/tryit1663.html]
[www.w3schools.com/xml/tryit9b49.html]
[www.w3schools.com/xml/prop_nodelist_length.html]
[www.w3schools.com/xml/tryit46f6.html]
[www.w3schools.com/xml/met_nodelist_item.html]
[www.w3schools.com/xml/tryit958e.html]
[www.w3schools.com/xml/prop_nodemap_length.html]
[www.w3schools.com/xml/tryit3f39.html]
[www.w3schools.com/xml/tryitd243.html]
[www.w3schools.com/xml/met_nodemap_getnameditem.html]
[www.w3schools.com/xml/met_nodemap_item.html]
[www.w3schools.com/xml/tryitfe2c.html]
[www.w3schools.com/xml/met_nodemap_removenameditem.html]
[www.w3schools.com/xml/prop_document_childnodes.html]
[www.w3schools.com/xml/note_internal_dtd.xml]
[www.w3schools.com/xml/tryit6279.html]
[www.w3schools.com/xml/dom_documenttype.27f.delayed]
[www.w3schools.com/xml/prop_document_doctype.html]
[www.w3schools.com/xml/tryit18ef.html]
[www.w3schools.com/xml/prop_document_documentelement.html]
[www.w3schools.com/xml/tryit48e9.html]
[www.w3schools.com/xml/prop_document_documenturi.html]
[www.w3schools.com/xml/prop_document_firstchild.html]
[www.w3schools.com/xml/tryit26c9.html]
[www.w3schools.com/xml/prop_document_implementation.html]
[www.w3schools.com/xml/tryitf006.html]
[www.w3schools.com/xml/prop_document_inputencoding.html]
[www.w3schools.com/xml/prop_document_lastchild.html]
[www.w3schools.com/xml/prop_document_nodename.html]
[www.w3schools.com/xml/prop_document_nodetype.html]
[www.w3schools.com/xml/prop_document_nodevalue.html]
[www.w3schools.com/xml/prop_document_xmlencoding.html]
[www.w3schools.com/xml/prop_document_xmlstandalone.html]
[www.w3schools.com/xml/prop_document_xmlversion.html]
[www.w3schools.com/xml/met_document_createcdatasection.html]
[www.w3schools.com/xml/met_document_createcomment.html]
[www.w3schools.com/xml/met_document_createelement.html]
[www.w3schools.com/xml/tryit5805.html]
[www.w3schools.com/xml/met_document_createelementns.html]
[www.w3schools.com/xml/met_document_createtextnode.html]
[www.w3schools.com/xml/met_document_getelementsbytagname.html]
[www.w3schools.com/xml/met_document_getelementsbytagnamens.html]
[www.w3schools.com/xml/met_document_renamenode.html]
[www.w3schools.com/xml/tryita36e.html]
[www.w3schools.com/xml/prop_documenttype_name.html]
[www.w3schools.com/xml/note_external_dtd.xml]
[www.w3schools.com/xml/tryit2d51.html]
[www.w3schools.com/xml/prop_documenttype_systemid.html]
[www.w3schools.com/xml/tryitbc2b.html]
[www.w3schools.com/xml/prop_element_attributes.html]
[www.w3schools.com/xml/tryit9edc.html]
[www.w3schools.com/xml/prop_element_baseuri.html]
[www.w3schools.com/xml/tryitf998.html]
[www.w3schools.com/xml/prop_element_childnodes.html]
[www.w3schools.com/xml/tryit4318.html]
[www.w3schools.com/xml/prop_element_firstchild.html]
[www.w3schools.com/xml/tryit25c0.html]
[www.w3schools.com/xml/prop_element_lastchild.html]
[www.w3schools.com/xml/tryit0f17.html]
[www.w3schools.com/xml/tryitbdd4.html]
[www.w3schools.com/xml/prop_element_localname.html]
[www.w3schools.com/xml/tryit2359.html]
[www.w3schools.com/xml/prop_element_namespaceuri.html]
[www.w3schools.com/xml/prop_element_nextsibling.html]
[www.w3schools.com/xml/tryit974c.html]
[www.w3schools.com/xml/prop_element_nodename.html]
[www.w3schools.com/xml/prop_element_nodetype.html]
[www.w3schools.com/xml/prop_element_ownerdocument.html]
[www.w3schools.com/xml/prop_element_parentnode.html]
[www.w3schools.com/xml/tryitfd41.html]
[www.w3schools.com/xml/prop_element_prefix.html]
[www.w3schools.com/xml/prop_element_previoussibling.html]
[www.w3schools.com/xml/tryitc081.html]
[www.w3schools.com/xml/prop_element_tagname.html]
[www.w3schools.com/xml/tryita05f.html]
[www.w3schools.com/xml/tryita042.html]
[www.w3schools.com/xml/prop_element_textcontent.html]
[www.w3schools.com/xml/met_element_appendchild.html]
[www.w3schools.com/xml/met_element_clonenode.html]
[www.w3schools.com/xml/met_element_comparedocumentposition.html]
[www.w3schools.com/xml/met_element_getattribute.html]
[www.w3schools.com/xml/tryit9c59.html]
[www.w3schools.com/xml/met_element_getattributens.html]
[www.w3schools.com/xml/tryit9fc8.html]
[www.w3schools.com/xml/met_element_getattributenode.html]
[www.w3schools.com/xml/tryit8055.html]
[www.w3schools.com/xml/met_element_getattributenodens.html]
[www.w3schools.com/xml/met_element_getelementsbytagname.html]
[www.w3schools.com/xml/tryit8b4d.html]
[www.w3schools.com/xml/met_element_getelementsbytagnamens.html]
[www.w3schools.com/xml/tryitac3c.html]
[www.w3schools.com/xml/met_element_hasattribute.html]
[www.w3schools.com/xml/met_element_hasattributens.html]
[www.w3schools.com/xml/met_element_hasattributes.html]
[www.w3schools.com/xml/tryitef49.html]
[www.w3schools.com/xml/met_element_haschildnodes.html]
[www.w3schools.com/xml/met_element_insertbefore.html]
[www.w3schools.com/xml/met_element_isequalnode.html]
[www.w3schools.com/xml/met_element_lookupnamespaceuri.html]
[www.w3schools.com/xml/met_element_lookupprefix.html]
[www.w3schools.com/xml/met_element_removeattribute.html]
[www.w3schools.com/xml/tryite163.html]
[www.w3schools.com/xml/met_element_removeattributens.html]
[www.w3schools.com/xml/met_element_removeattributenode.html]
[www.w3schools.com/xml/tryit3a9b.html]
[www.w3schools.com/xml/tryit426d.html]
[www.w3schools.com/xml/met_element_removechild.html]
[www.w3schools.com/xml/met_element_replacechild.html]
[www.w3schools.com/xml/tryitd29c.html]
[www.w3schools.com/xml/met_element_setattribute.html]
[www.w3schools.com/xml/tryit82b0.html]
[www.w3schools.com/xml/tryit21eb.html]
[www.w3schools.com/xml/met_element_setattributens.html]
[www.w3schools.com/xml/met_element_setattributenode.html]
[www.w3schools.com/xml/tryit60a0.html]
[www.w3schools.com/xml/prop_attr_baseuri.html]
[www.w3schools.com/xml/tryit84fc.html]
[www.w3schools.com/xml/prop_attr_isid.html]
[www.w3schools.com/xml/prop_attr_localname.html]
[www.w3schools.com/xml/tryit7ebe.html]
[www.w3schools.com/xml/prop_attr_name.html]
[www.w3schools.com/xml/prop_attr_namespaceuri.html]
[www.w3schools.com/xml/tryit97bc.html]
[www.w3schools.com/xml/prop_attr_nodename.html]
[www.w3schools.com/xml/prop_attr_nodetype.html]
[www.w3schools.com/xml/prop_attr_nodevalue.html]
[www.w3schools.com/xml/tryit38a6.html]
[www.w3schools.com/xml/prop_attr_ownerdocument.html]
[www.w3schools.com/xml/tryitaa91.html]
[www.w3schools.com/xml/prop_attr_ownerelement.html]
[www.w3schools.com/xml/prop_attr_prefix.html]
[www.w3schools.com/xml/tryitf2b5.html]
[www.w3schools.com/xml/prop_attr_specified.html]
[www.w3schools.com/xml/tryit6f1e.html]
[www.w3schools.com/xml/tryit5850.html]
[www.w3schools.com/xml/prop_attr_textcontent.html]
[www.w3schools.com/xml/prop_attr_value.html]
[www.w3schools.com/xml/tryit17a0.html]
[www.w3schools.com/xml/prop_text_data.html]
[www.w3schools.com/xml/tryit5a61.html]
[www.w3schools.com/xml/prop_text_length.html]
[www.w3schools.com/xml/tryita327.html]
[www.w3schools.com/xml/met_text_appenddata.html]
[www.w3schools.com/xml/tryit735b.html]
[www.w3schools.com/xml/met_text_deletedata.html]
[www.w3schools.com/xml/tryit3b34.html]
[www.w3schools.com/xml/met_text_insertdata.html]
[www.w3schools.com/xml/met_text_replacedata.html]
[www.w3schools.com/xml/tryitbb58.html]
[www.w3schools.com/xml/met_text_splittext.html]
[www.w3schools.com/xml/tryit6414.html]
[www.w3schools.com/xml/met_text_substringdata.html]
[www.w3schools.com/xml/books_cdata.xml]
[www.w3schools.com/xml/tryit2990.html]
[www.w3schools.com/xml/prop_cdata_data.html]
[www.w3schools.com/xml/tryita123.html]
[www.w3schools.com/xml/prop_cdata_length.html]
[www.w3schools.com/xml/tryit486c.html]
[www.w3schools.com/xml/met_cdata_appenddata.html]
[www.w3schools.com/xml/tryit45d8.html]
[www.w3schools.com/xml/met_cdata_deletedata.html]
[www.w3schools.com/xml/tryitcf6d.html]
[www.w3schools.com/xml/met_cdata_insertdata.html]
[www.w3schools.com/xml/tryitc25d.html]
[www.w3schools.com/xml/met_cdata_replacedata.html]
[www.w3schools.com/xml/tryit7d31.html]
[www.w3schools.com/xml/met_cdata_splittext.html]
[www.w3schools.com/xml/tryit0140.html]
[www.w3schools.com/xml/met_cdata_substringdata.html]
[www.w3schools.com/xml/books_comment.xml]
[www.w3schools.com/xml/tryit9b7b.html]
[www.w3schools.com/xml/prop_comment_data.html]
[www.w3schools.com/xml/dom_loadxmldoc.2bc.delayed]
[www.w3schools.com/xml/tryitd84c.html]
[www.w3schools.com/xml/prop_comment_length.html]
[www.w3schools.com/xml/tryitf3c7.html]
[www.w3schools.com/xml/met_comment_appenddata.html]
[www.w3schools.com/xml/tryit992d.html]
[www.w3schools.com/xml/met_comment_deletedata.html]
[www.w3schools.com/xml/tryitc3ce.html]
[www.w3schools.com/xml/met_comment_insertdata.html]
[www.w3schools.com/xml/tryit1820.html]
[www.w3schools.com/xml/met_comment_replacedata.html]
[www.w3schools.com/xml/tryit6863.html]
[www.w3schools.com/xml/met_comment_substringdata.html]
[www.w3schools.com/xml/tryitbf37.html]
[www.w3schools.com/xml/func_current.html]
[www.w3schools.com/xml/func_document.html]
[www.w3schools.com/xml/func_elementavailable.html]
[www.w3schools.com/xml/func_formatnumber.html]
[www.w3schools.com/xml/func_functionavailable.html]
[www.w3schools.com/xml/func_generateid.html]
[www.w3schools.com/xml/func_key.html]
[www.w3schools.com/xml/func_systemproperty.html]
[www.w3schools.com/xml/func_unparsedentityuri.html]
[www.w3schools.com/xml/POST.html]
[www.w3schools.com/lib/codemirror.css]
[www.w3schools.com/lib/codemirror.js]
[www.w3schools.com/xml/tryxslt_result6802.html]
[www.w3schools.com/xml/tryxslt_result08f8.html]
[www.w3schools.com/xml/tryxslt08f8.html]
[www.w3schools.com/xml/tryxslt_result544e.html]
[www.w3schools.com/xml/tryxslt544e.html]
[www.w3schools.com/xml/tryxslt_resultce6c.html]
[www.w3schools.com/xml/tryxsltce6c.html]
[www.w3schools.com/xml/cdcatalog_import.html]
[www.w3schools.com/xml/cdcatalog_import-2.html]
[www.w3schools.com/xml/tryxslt_result95fe.html]
[www.w3schools.com/xml/tryxslt95fe.html]
[www.w3schools.com/xml/tryxslt_resultae13.html]
[www.w3schools.com/xml/tryxslt_result01ca.html]
[www.w3schools.com/xml/tryxslt_result4767.html]
[www.w3schools.com/xml/tryxslt_resulta595.html]
[www.w3schools.com/xml/tryxslt_result09a5.html]
[www.w3schools.com/xml/tryxslt_result7d04.html]
[www.w3schools.com/xml/tryxslt_result5e7d.html]
[www.w3schools.com/xml/tryxslt_result0af8.html]
[www.w3schools.com/xml/tryxslt_result0e31.html]
[www.w3schools.com/xml/demo_get.html]
[www.w3schools.com/xml/demo_geta18a.html]
[www.w3schools.com/xml/demo_get2f409.html]
[www.w3schools.com/xml/demo_post.html]
[www.w3schools.com/xml/demo_post2.html]
[www.w3schools.com/xml/tryitc77b.html]
[www.w3schools.com/xml/tryit93bf.html]
[www.w3schools.com/xml/tryit1d7d.html]
[www.w3schools.com/tryit.css]
[www.w3schools.com/xml/tryrss_viewada5.html]
[www.w3schools.com/xml/tryrss_view712d.html]
[www.w3schools.com/xml/tryrss_viewa512.html]
[www.w3schools.com/images/w3schools_green.jpg]
[www.w3schools.com/xml/tryrss_view509b.html]
[www.w3schools.com/xml/tryrss_viewd678.html]
[www.w3schools.com/xml/tryrss_viewe3cd.html]
[www.w3schools.com/xml/tryrss_viewec34.html]
[www.w3schools.com/xml/tryrss_view92db.html]
[www.w3schools.com/xml/comments.html]
[www.w3schools.com/xml/tryrss_viewb7cc.html]
[www.w3schools.com/xml/tryrss_viewd1ca.html]
[www.w3schools.com/xml/tryrss_viewcb63.html]
[www.w3schools.com/xml/tryrss_view5804.html]
[www.w3schools.com/xml/tryrss_viewa957.html]
[www.w3schools.com/xml/tryrss_view94e3.html]
[www.w3schools.com/xml/tryrsseb90.html]
[www.w3schools.com/xml/tryrss_view3752.html]
[www.w3schools.com/xml/tryrss8f67.html]
[www.w3schools.com/xml/tryrss_viewf429.html]
[www.w3schools.com/xml/tryrss129e.html]
[www.w3schools.com/xml/tryrss_view4043.html]
[www.w3schools.com/xml/tryrss405e.html]
[www.w3schools.com/xml/tryrss_view78f7.html]
[www.w3schools.com/xml/tryrss3f1f.html]
[www.w3schools.com/xml/tryrss_view597b.html]
[www.w3schools.com/xml/tryrss2e3d.html]
[www.w3schools.com/xml/tryrss_view59e8.html]
[www.w3schools.com/xml/tryrss6a06.html]
[www.w3schools.com/xml/tryrss_view7861.html]
[www.w3schools.com/xml/tryrssaddf.html]
[www.w3schools.com/xml/tryrss_viewb1b7.html]
[www.w3schools.com/xml/tryrssc0ad.html]
[www.w3schools.com/xml/tryitdada.html]
[www.w3schools.com/xml/tryitb613.html]
[www.w3schools.com/xml/tryit79ea.html]
[www.w3schools.com/xml/dom_mozilla_vs_ie.html]
[www.w3schools.com/xml/tryitf500.html]
[www.w3schools.com/xml/tryit7944.html]
[www.w3schools.com/xml/tryitc905.html]
[www.w3schools.com/xml/tryit3657.html]
[www.w3schools.com/xml/tryit3c09.html]
[www.w3schools.com/xml/tryit0cb2.html]
[www.w3schools.com/xml/tryit5f2f.html]
[www.w3schools.com/xml/tryitbe0d.html]
[www.w3schools.com/xml/tryitc135.html]
[www.w3schools.com/xml/tryitfe78.html]
[www.w3schools.com/xml/tryit3c03.html]
[www.w3schools.com/xml/tryitab49.html]
[www.w3schools.com/xml/tryitba94.html]
[www.w3schools.com/xml/tryit6b41.html]
[www.w3schools.com/xml/tryitb744.html]
[www.w3schools.com/xml/tryit1663.html]
[www.w3schools.com/xml/tryit9b49.html]
[www.w3schools.com/xml/tryit46f6.html]
[www.w3schools.com/xml/tryit958e.html]
[www.w3schools.com/xml/tryit3f39.html]
[www.w3schools.com/xml/tryitd243.html]
[www.w3schools.com/xml/tryitfe2c.html]
[www.w3schools.com/xml/tryit6279.html]
[www.w3schools.com/xml/dom_documenttype.html]
[www.w3schools.com/xml/tryit18ef.html]
[www.w3schools.com/xml/tryit48e9.html]
[www.w3schools.com/xml/tryit26c9.html]
[www.w3schools.com/xml/tryitf006.html]
[www.w3schools.com/xml/tryit5805.html]
[www.w3schools.com/xml/tryita36e.html]
[www.w3schools.com/xml/tryit2d51.html]
[www.w3schools.com/xml/tryitbc2b.html]
[www.w3schools.com/xml/tryit9edc.html]
[www.w3schools.com/xml/tryitf998.html]
[www.w3schools.com/xml/tryit4318.html]
[www.w3schools.com/xml/tryit25c0.html]
[www.w3schools.com/xml/tryit0f17.html]
[www.w3schools.com/xml/tryitbdd4.html]
[www.w3schools.com/xml/tryit2359.html]
[www.w3schools.com/xml/tryit974c.html]
[www.w3schools.com/xml/tryitfd41.html]
[www.w3schools.com/xml/tryitc081.html]
[www.w3schools.com/xml/tryita05f.html]
[www.w3schools.com/xml/tryita042.html]
[www.w3schools.com/xml/tryit9c59.html]
[www.w3schools.com/xml/tryit9fc8.html]
[www.w3schools.com/xml/tryit8055.html]
[www.w3schools.com/xml/tryit8b4d.html]
[www.w3schools.com/xml/tryitac3c.html]
[www.w3schools.com/xml/tryitef49.html]
[www.w3schools.com/xml/tryite163.html]
[www.w3schools.com/xml/tryit3a9b.html]
[www.w3schools.com/xml/tryit426d.html]
[www.w3schools.com/xml/tryitd29c.html]
[www.w3schools.com/xml/tryit82b0.html]
[www.w3schools.com/xml/tryit21eb.html]
[www.w3schools.com/xml/tryit60a0.html]
[www.w3schools.com/xml/tryit84fc.html]
[www.w3schools.com/xml/tryit7ebe.html]
[www.w3schools.com/xml/tryit97bc.html]
[www.w3schools.com/xml/tryit38a6.html]
[www.w3schools.com/xml/tryitaa91.html]
[www.w3schools.com/xml/tryitf2b5.html]
[www.w3schools.com/xml/tryit6f1e.html]
[www.w3schools.com/xml/tryit5850.html]
[www.w3schools.com/xml/tryit17a0.html]
[www.w3schools.com/xml/tryit5a61.html]
[www.w3schools.com/xml/tryita327.html]
[www.w3schools.com/xml/tryit735b.html]
[www.w3schools.com/xml/tryit3b34.html]
[www.w3schools.com/xml/tryitbb58.html]
[www.w3schools.com/xml/tryit6414.html]
[www.w3schools.com/xml/tryit2990.html]
[www.w3schools.com/xml/tryita123.html]
[www.w3schools.com/xml/tryit486c.html]
[www.w3schools.com/xml/tryit45d8.html]
[www.w3schools.com/xml/tryitcf6d.html]
[www.w3schools.com/xml/tryitc25d.html]
[www.w3schools.com/xml/tryit7d31.html]
[www.w3schools.com/xml/tryit0140.html]
[www.w3schools.com/xml/tryit9b7b.html]
[www.w3schools.com/xml/dom_loadxmldoc.html]
[www.w3schools.com/xml/tryitd84c.html]
[www.w3schools.com/xml/tryitf3c7.html]
[www.w3schools.com/xml/tryit992d.html]
[www.w3schools.com/xml/tryitc3ce.html]
[www.w3schools.com/xml/tryit1820.html]
[www.w3schools.com/xml/tryit6863.html]
[www.w3schools.com/xml/tryxslt_result08f8.html]
[www.w3schools.com/xml/tryxslt_result544e.html]
[www.w3schools.com/xml/tryxslt_resultce6c.html]
[www.w3schools.com/xml/tryxslt_result95fe.html]
[www.w3schools.com/xml/comments.html]
[www.w3schools.com/xml/tryrss_view94e3.html]
[www.w3schools.com/xml/tryrss_view3752.html]
[www.w3schools.com/xml/tryrss_viewf429.html]
[www.w3schools.com/xml/tryrss_view4043.html]
[www.w3schools.com/xml/tryrss_view78f7.html]
[www.w3schools.com/xml/tryrss_view597b.html]
[www.w3schools.com/xml/tryrss_view59e8.html]
[www.w3schools.com/xml/tryrss_view7861.html]
[www.w3schools.com/xml/tryrss_viewb1b7.html]
